Curated evidence — MEIC-bot-2.0 TPF/TPT/close failure, 2026-07-20
Times are MACHINE LOCAL (MDT, UTC-6). Market hours 07:30-14:00 MDT = 09:30-16:00 ET.
Source logs: logs/meic-20260720T*.log and logs/meic-20260719T170124Z.log (full raw logs).
====================================================================================================
2026-07-20 09:45:28  [EXIT-EVAL FAILED] TastytradeError('order_must_omit_price: This order can not be submitted with an associated price.\n')
2026-07-20 09:45:28  [BOT-CLOSE] id=485208822 Marketable Limit price=0.05 Buy to Close SPXW  260720P07430000 -> REJECTED [This order can not be submitted with an associated price.]  (close:2026-07-20#6:SPXW  260720P07430000)
2026-07-20 09:53:26  [USER-DESKTOP] id=485212487 Stop Buy to Close SPXW  260720C07505000 -> Filled  (ELECTRON;0.159.1)
2026-07-20 09:53:46  [USER-DESKTOP] id=485212227 Stop Buy to Close SPXW  260720C07505000 -> Filled  (ELECTRON;0.159.1)
2026-07-20 09:55:41  [EXIT-EVAL FAILED] TastytradeError('order_must_omit_price: This order can not be submitted with an associated price.\n')
2026-07-20 09:55:41  [BOT-CLOSE] id=485219714 Marketable Limit price=0.05 Buy to Close SPXW  260720P07430000 -> REJECTED [This order can not be submitted with an associated price.]  (close:2026-07-20#6:SPXW  260720P07430000)
2026-07-20 10:03:04  [BOT-CLOSE] id=485227345 Marketable Limit price=0.05 Buy to Close SPXW  260720P07435000 -> REJECTED [This order can not be submitted with an associated price.]  (close:2026-07-20#104:SPXW  260720P07435000)
2026-07-20 10:03:08  [BOT-CLOSE] id=485227411 Marketable Limit price=0.05 Buy to Close SPXW  260720P07430000 -> REJECTED [This order can not be submitted with an associated price.]  (close:2026-07-20#6:SPXW  260720P07430000)
2026-07-20 10:04:05  [QUARANTINED-OWN-LEG OWN-03] SPXW  260720C07535000:
2026-07-20 10:04:05  [QUARANTINED-OWN-LEG OWN-03] SPXW  260720P07450000:
2026-07-20 10:04:05  [QUARANTINED-OWN-LEG OWN-03] SPXW  260720P07420000:
2026-07-20 10:04:05  [QUARANTINED-OWN-LEG OWN-03] SPXW  260720P07380000:
2026-07-20 10:04:05  [QUARANTINED-OWN-LEG OWN-03] SPXW  260720P07430000:
2026-07-20 10:04:05  [QUARANTINED-OWN-LEG OWN-03] SPXW  260720P07385000:
2026-07-20 10:04:05  [QUARANTINED-OWN-LEG OWN-03] SPXW  260720C07555000:
2026-07-20 10:04:05  [QUARANTINED-OWN-LEG OWN-03] SPXW  260720P07435000:
2026-07-20 10:04:05  [QUARANTINED-OWN-LEG OWN-03] SPXW  260720C07505000:
2026-07-20 10:08:12  [EXIT-EVAL FAILED] IntentError("order_type 'market' not in ['limit', 'marketable_limit', 'stop_market']")
2026-07-20 10:09:13  [EXIT-EVAL FAILED] IntentError("order_type 'market' not in ['limit', 'marketable_limit', 'stop_market']")
2026-07-20 10:09:35  [USER-DESKTOP] id=485234111 Limit price=3.7 Buy to Close SPXW  260720C07505000 -> Filled  (ELECTRON;0.159.1)
2026-07-20 10:11:16  [EXIT-EVAL FAILED] IntentError("order_type 'market' not in ['limit', 'marketable_limit', 'stop_market']")
2026-07-20 10:12:17  [EXIT-EVAL FAILED] IntentError("order_type 'market' not in ['limit', 'marketable_limit', 'stop_market']")
2026-07-20 10:14:27  [QUARANTINED-OWN-LEG OWN-03] SPXW  260720C07535000:
2026-07-20 10:14:27  [QUARANTINED-OWN-LEG OWN-03] SPXW  260720P07450000:
2026-07-20 10:14:27  [QUARANTINED-OWN-LEG OWN-03] SPXW  260720P07420000:
2026-07-20 10:14:27  [QUARANTINED-OWN-LEG OWN-03] SPXW  260720P07380000:
2026-07-20 10:14:27  [QUARANTINED-OWN-LEG OWN-03] SPXW  260720P07430000:
2026-07-20 10:14:27  [QUARANTINED-OWN-LEG OWN-03] SPXW  260720P07385000:
2026-07-20 10:14:27  [QUARANTINED-OWN-LEG OWN-03] SPXW  260720C07555000:
2026-07-20 10:14:27  [QUARANTINED-OWN-LEG OWN-03] SPXW  260720P07435000:
2026-07-20 10:15:30  [EXIT-EVAL FAILED] KeyError('market')
2026-07-20 10:16:32  [EXIT-EVAL FAILED] KeyError('market')
2026-07-20 10:18:35  [EXIT-EVAL FAILED] KeyError('market')
2026-07-20 10:20:37  [EXIT-EVAL FAILED] KeyError('market')
2026-07-20 10:22:40  [EXIT-EVAL FAILED] KeyError('market')
2026-07-20 10:24:43  [EXIT-EVAL FAILED] KeyError('market')
2026-07-20 10:30:52  [QUARANTINED-OWN-LEG OWN-03] SPXW  260720C07535000:
2026-07-20 10:30:52  [QUARANTINED-OWN-LEG OWN-03] SPXW  260720P07450000:
2026-07-20 10:30:52  [QUARANTINED-OWN-LEG OWN-03] SPXW  260720P07420000:
2026-07-20 10:30:52  [QUARANTINED-OWN-LEG OWN-03] SPXW  260720P07380000:
2026-07-20 10:30:52  [QUARANTINED-OWN-LEG OWN-03] SPXW  260720P07430000:
2026-07-20 10:30:52  [QUARANTINED-OWN-LEG OWN-03] SPXW  260720P07385000:
2026-07-20 10:30:52  [QUARANTINED-OWN-LEG OWN-03] SPXW  260720C07555000:
2026-07-20 10:30:52  [QUARANTINED-OWN-LEG OWN-03] SPXW  260720P07435000:
2026-07-20 10:56:45  [QUARANTINED-OWN-LEG OWN-03] SPXW  260720C07535000:
2026-07-20 10:56:45  [QUARANTINED-OWN-LEG OWN-03] SPXW  260720P07450000:
2026-07-20 10:56:45  [QUARANTINED-OWN-LEG OWN-03] SPXW  260720P07420000:
2026-07-20 10:56:45  [QUARANTINED-OWN-LEG OWN-03] SPXW  260720P07380000:
2026-07-20 10:56:45  [QUARANTINED-OWN-LEG OWN-03] SPXW  260720P07430000:
2026-07-20 10:56:45  [QUARANTINED-OWN-LEG OWN-03] SPXW  260720P07385000:
2026-07-20 10:56:45  [QUARANTINED-OWN-LEG OWN-03] SPXW  260720C07555000:
2026-07-20 10:56:45  [QUARANTINED-OWN-LEG OWN-03] SPXW  260720P07435000:
2026-07-20 10:58:49  [EXIT-EVAL FAILED] AttributeError("type object 'OrderType' has no attribute 'MARKETABLE'")
2026-07-20 10:59:50  [EXIT-EVAL FAILED] AttributeError("type object 'OrderType' has no attribute 'MARKETABLE'")
2026-07-20 11:00:54  [QUARANTINED-OWN-LEG OWN-03] SPXW  260720C07535000:
2026-07-20 11:00:54  [QUARANTINED-OWN-LEG OWN-03] SPXW  260720P07450000:
2026-07-20 11:00:54  [QUARANTINED-OWN-LEG OWN-03] SPXW  260720P07420000:
2026-07-20 11:00:54  [QUARANTINED-OWN-LEG OWN-03] SPXW  260720P07380000:
2026-07-20 11:00:54  [QUARANTINED-OWN-LEG OWN-03] SPXW  260720P07430000:
2026-07-20 11:00:54  [QUARANTINED-OWN-LEG OWN-03] SPXW  260720P07385000:
2026-07-20 11:00:54  [QUARANTINED-OWN-LEG OWN-03] SPXW  260720C07555000:
2026-07-20 11:00:54  [QUARANTINED-OWN-LEG OWN-03] SPXW  260720P07435000:
2026-07-20 11:00:56  [BOT-CLOSE] id=485279317 Market Buy to Open SPXW  260720C07505000 -> !! FILLED as BUY-TO-OPEN (re-opened position)  (close:2026-07-20#104:SPXW  260720C07505000)
2026-07-20 11:01:58  [BOT-CLOSE] id=485280118 Market Buy to Close SPXW  260720P07430000 -> Filled  (close:2026-07-20#6:SPXW  260720P07430000)
2026-07-20 11:01:58  [BOT-CLOSE] id=485280120 Market Buy to Open SPXW  260720C07505000 -> !! FILLED as BUY-TO-OPEN (re-opened position)  (close:2026-07-20#6:SPXW  260720C07505000)
2026-07-20 11:01:58  [EXIT-EVAL FAILED] TastytradeError('order_must_omit_price: This order can not be submitted with an associated price.\n')
2026-07-20 11:01:58  [BOT-CLOSE] id=485280123 Marketable Limit price=0.05 Sell to Close SPXW  260720P07380000 -> REJECTED [This order can not be submitted with an associated price.]  (close:2026-07-20#6:SPXW  260720P07380000)
2026-07-20 11:41:23  [USER-DESKTOP] id=485300057 Stop Buy to Close SPXW  260720P07450000 -> Filled  (ELECTRON;0.159.1)
2026-07-20 19:45:39  [QUARANTINED-OWN-LEG OWN-03] SPXW  260720C07535000:
2026-07-20 19:45:39  [QUARANTINED-OWN-LEG OWN-03] SPXW  260720P07385000:
2026-07-20 19:45:39  [QUARANTINED-OWN-LEG OWN-03] SPXW  260720P07420000:
2026-07-20 19:45:39  [QUARANTINED-OWN-LEG OWN-03] SPXW  260720P07380000:
2026-07-20 19:45:39  [QUARANTINED-OWN-LEG OWN-03] SPXW  260720C07555000:
2026-07-20 19:45:39  [QUARANTINED-OWN-LEG OWN-03] SPXW  260720C07505000:
